// Jest Snapshot v1, https://goo.gl/fbAQLP

exports[`Result Component Test Snapshot 1`] = `ShallowWrapper {}`;
